// Jest Snapshot v1, https://goo.gl/fbAQLP

exports[`expect to render CounterButton 1`] = `ShallowWrapper {}`;
